Target Part: M1A3P1000L_FBGA484_STD
Report for cell full_system.verilog
  Core Cell usage:
              cell count     area count*area
              AND2    39      1.0       39.0
             AND2A     1      1.0        1.0
              AND3    62      1.0       62.0
               AO1    55      1.0       55.0
              AO13    16      1.0       16.0
              AO18     2      1.0        2.0
              AO1A    71      1.0       71.0
              AO1B     5      1.0        5.0
              AO1C     6      1.0        6.0
              AO1D    12      1.0       12.0
              AOI1    11      1.0       11.0
             AOI1A     1      1.0        1.0
             AOI1B    24      1.0       24.0
               AX1     7      1.0        7.0
              AX1A     3      1.0        3.0
              AX1B     1      1.0        1.0
              AX1C    41      1.0       41.0
              AX1E     1      1.0        1.0
              AXO5     1      1.0        1.0
             AXOI1     1      1.0        1.0
             AXOI4     1      1.0        1.0
             AXOI5     1      1.0        1.0
             AXOI7     1      1.0        1.0
              BUFF     2      1.0        2.0
            CLKINT     5      0.0        0.0
               GND    17      0.0        0.0
               INV    28      1.0       28.0
               MX2   396      1.0      396.0
              MX2A     9      1.0        9.0
              MX2B    24      1.0       24.0
              MX2C     8      1.0        8.0
              NOR2   137      1.0      137.0
             NOR2A   253      1.0      253.0
             NOR2B   244      1.0      244.0
              NOR3    59      1.0       59.0
             NOR3A    94      1.0       94.0
             NOR3B    83      1.0       83.0
             NOR3C   109      1.0      109.0
               OA1    20      1.0       20.0
              OA1A    29      1.0       29.0
              OA1B    57      1.0       57.0
              OA1C    78      1.0       78.0
              OAI1     3      1.0        3.0
               OR2   170      1.0      170.0
              OR2A    86      1.0       86.0
              OR2B    37      1.0       37.0
               OR3   105      1.0      105.0
              OR3A    32      1.0       32.0
              OR3B    13      1.0       13.0
              OR3C     7      1.0        7.0
               PLL     1      0.0        0.0
            PLLINT     1      0.0        0.0
               VCC    17      0.0        0.0
               XA1    35      1.0       35.0
              XA1A     4      1.0        4.0
              XA1B    12      1.0       12.0
              XA1C     2      1.0        2.0
              XAI1     5      1.0        5.0
             XAI1A     1      1.0        1.0
             XNOR2    25      1.0       25.0
             XNOR3     9      1.0        9.0
               XO1    50      1.0       50.0
              XO1A     2      1.0        2.0
              XOR2   204      1.0      204.0
              XOR3     2      1.0        2.0


            DFN0C0    43      1.0       43.0
          DFN0E0C0    68      1.0       68.0
          DFN0E0P0     7      1.0        7.0
          DFN0E1C0   110      1.0      110.0
          DFN0E1P0     3      1.0        3.0
            DFN0P0     8      1.0        8.0
            DFN1C0   287      1.0      287.0
          DFN1E0C0    87      1.0       87.0
          DFN1E0P0     2      1.0        2.0
          DFN1E1C0   379      1.0      379.0
            DFN1P0    30      1.0       30.0
            DLN0C0    23      1.0       23.0
            DLN0P0     1      1.0        1.0
              DLN1     2      1.0        2.0
          DLN1P1C1     1      2.0        2.0
                   -----          ----------
             TOTAL  3889              3849.0


  IO Cell usage:
              cell count
             BIBUF    33
             INBUF     4
            OUTBUF    37
                   -----
             TOTAL    74


Core Cells         : 3849 of 24576 (16%)
IO Cells           : 74

  RAM/ROM Usage Summary
Block Rams : 0 of 32 (0%)

