Target Part: M1A3P1000L_FBGA484_STD
Report for cell full_system.verilog
  Core Cell usage:
              cell count     area count*area
              AND2    39      1.0       39.0
             AND2A     1      1.0        1.0
              AND3   113      1.0      113.0
               AO1    78      1.0       78.0
              AO12     1      1.0        1.0
              AO13    15      1.0       15.0
              AO18     2      1.0        2.0
              AO1A    71      1.0       71.0
              AO1B    11      1.0       11.0
              AO1C     6      1.0        6.0
              AO1D    16      1.0       16.0
              AOI1     9      1.0        9.0
             AOI1A     1      1.0        1.0
             AOI1B    22      1.0       22.0
               AX1     8      1.0        8.0
              AX1A     6      1.0        6.0
              AX1B     1      1.0        1.0
              AX1C    25      1.0       25.0
              AX1E     2      1.0        2.0
             AXOI1     1      1.0        1.0
             AXOI5     2      1.0        2.0
             AXOI7     1      1.0        1.0
              BUFF     3      1.0        3.0
            CLKINT     5      0.0        0.0
               GND    18      0.0        0.0
               INV    31      1.0       31.0
              MIN3     1      1.0        1.0
               MX2   372      1.0      372.0
              MX2A     7      1.0        7.0
              MX2B    26      1.0       26.0
              MX2C     5      1.0        5.0
              NOR2    97      1.0       97.0
             NOR2A   205      1.0      205.0
             NOR2B   255      1.0      255.0
              NOR3    46      1.0       46.0
             NOR3A    86      1.0       86.0
             NOR3B    89      1.0       89.0
             NOR3C    92      1.0       92.0
               OA1    26      1.0       26.0
              OA1A    17      1.0       17.0
              OA1B    13      1.0       13.0
              OA1C    21      1.0       21.0
              OAI1     4      1.0        4.0
               OR2   144      1.0      144.0
              OR2A   104      1.0      104.0
              OR2B    42      1.0       42.0
               OR3   162      1.0      162.0
              OR3A    26      1.0       26.0
              OR3B    20      1.0       20.0
              OR3C    10      1.0       10.0
               PLL     1      0.0        0.0
            PLLINT     1      0.0        0.0
               VCC    18      0.0        0.0
               XA1    20      1.0       20.0
              XA1A     9      1.0        9.0
              XA1B    16      1.0       16.0
              XA1C    12      1.0       12.0
              XAI1     5      1.0        5.0
             XAI1A     3      1.0        3.0
             XNOR2    26      1.0       26.0
             XNOR3     9      1.0        9.0
               XO1    51      1.0       51.0
              XO1A     1      1.0        1.0
              XOR2   244      1.0      244.0
              XOR3     2      1.0        2.0


            DFN0C0    43      1.0       43.0
          DFN0E0C0    70      1.0       70.0
          DFN0E0P0     7      1.0        7.0
          DFN0E1C0    38      1.0       38.0
          DFN0E1P0     3      1.0        3.0
            DFN0P0    10      1.0       10.0
            DFN1C0   368      1.0      368.0
          DFN1E0C0    78      1.0       78.0
          DFN1E0P0     1      1.0        1.0
          DFN1E1C0   343      1.0      343.0
          DFN1E1P0     1      1.0        1.0
            DFN1P0    42      1.0       42.0
            DLN0C0    23      1.0       23.0
            DLN0P0     1      1.0        1.0
              DLN1     2      1.0        2.0
          DLN1P1C1     1      2.0        2.0
                   -----          ----------
             TOTAL  3807              3765.0


  IO Cell usage:
              cell count
             BIBUF    33
             INBUF     4
            OUTBUF    37
                   -----
             TOTAL    74


Core Cells         : 3765 of 24576 (15%)
IO Cells           : 74

  RAM/ROM Usage Summary
Block Rams : 0 of 32 (0%)

