Target Part: M1A3P1000L_FBGA484_STD
Report for cell full_system.verilog
  Core Cell usage:
              cell count     area count*area
              AND2    34      1.0       34.0
             AND2A     1      1.0        1.0
              AND3    62      1.0       62.0
               AO1   101      1.0      101.0
              AO12     1      1.0        1.0
              AO13    17      1.0       17.0
              AO16     1      1.0        1.0
              AO18     2      1.0        2.0
              AO1A    51      1.0       51.0
              AO1B     6      1.0        6.0
              AO1C     6      1.0        6.0
              AO1D    13      1.0       13.0
              AOI1    32      1.0       32.0
             AOI1A     1      1.0        1.0
             AOI1B    22      1.0       22.0
               AX1     3      1.0        3.0
              AX1A     2      1.0        2.0
              AX1B     1      1.0        1.0
              AX1C    36      1.0       36.0
              AX1E     1      1.0        1.0
              AXO1     1      1.0        1.0
              AXO3     5      1.0        5.0
             AXOI5     2      1.0        2.0
              BUFF     2      1.0        2.0
            CLKINT     5      0.0        0.0
               GND    17      0.0        0.0
               INV    28      1.0       28.0
              MIN3     2      1.0        2.0
               MX2   408      1.0      408.0
              MX2A    13      1.0       13.0
              MX2B    31      1.0       31.0
              MX2C     4      1.0        4.0
              NOR2   111      1.0      111.0
             NOR2A   219      1.0      219.0
             NOR2B   323      1.0      323.0
              NOR3    40      1.0       40.0
             NOR3A   109      1.0      109.0
             NOR3B   116      1.0      116.0
             NOR3C   143      1.0      143.0
               OA1    25      1.0       25.0
              OA1A    18      1.0       18.0
              OA1B    13      1.0       13.0
              OA1C     8      1.0        8.0
              OAI1     2      1.0        2.0
               OR2   151      1.0      151.0
              OR2A    84      1.0       84.0
              OR2B    28      1.0       28.0
               OR3   183      1.0      183.0
              OR3A    20      1.0       20.0
              OR3B    12      1.0       12.0
              OR3C     9      1.0        9.0
               PLL     1      0.0        0.0
            PLLINT     1      0.0        0.0
               VCC    17      0.0        0.0
               XA1    41      1.0       41.0
              XA1A     1      1.0        1.0
              XA1B    15      1.0       15.0
              XA1C     6      1.0        6.0
              XAI1     5      1.0        5.0
             XAI1A     5      1.0        5.0
             XNOR2    23      1.0       23.0
             XNOR3    12      1.0       12.0
               XO1    51      1.0       51.0
              XO1A     1      1.0        1.0
              XOR2   194      1.0      194.0
              XOR3     2      1.0        2.0


            DFN0C0    44      1.0       44.0
          DFN0E0C0    45      1.0       45.0
          DFN0E0P0     5      1.0        5.0
          DFN0E1C0   126      1.0      126.0
          DFN0E1P0     6      1.0        6.0
            DFN0P0     9      1.0        9.0
            DFN1C0   302      1.0      302.0
          DFN1E0C0    65      1.0       65.0
          DFN1E0P0     1      1.0        1.0
          DFN1E1C0   406      1.0      406.0
          DFN1E1P0     2      1.0        2.0
            DFN1P0    34      1.0       34.0
            DLN0C0    23      1.0       23.0
            DLN0P0     1      1.0        1.0
              DLN1     2      1.0        2.0
          DLN1P1C1     1      2.0        2.0
                   -----          ----------
             TOTAL  3972              3932.0


  IO Cell usage:
              cell count
             BIBUF    33
             INBUF     4
            OUTBUF    37
                   -----
             TOTAL    74


Core Cells         : 3932 of 24576 (16%)
IO Cells           : 74

  RAM/ROM Usage Summary
Block Rams : 0 of 32 (0%)

