Target Part: M1A3P1000L_FBGA484_STD
Report for cell sram_test.verilog
  Core Cell usage:
              cell count     area count*area
              AND2    13      1.0       13.0
             AND2A     1      1.0        1.0
              AND3    44      1.0       44.0
               AO1     7      1.0        7.0
              AO1A    13      1.0       13.0
              AO1B     1      1.0        1.0
              AO1C     2      1.0        2.0
              AO1D     1      1.0        1.0
              AOI1     3      1.0        3.0
             AOI1A     1      1.0        1.0
             AOI1B    12      1.0       12.0
               AX1     6      1.0        6.0
              AX1C    20      1.0       20.0
              BUFF     2      1.0        2.0
            CLKINT     5      0.0        0.0
               GND    13      0.0        0.0
               INV    28      1.0       28.0
               MX2   339      1.0      339.0
              MX2A     8      1.0        8.0
              MX2B    10      1.0       10.0
              MX2C     5      1.0        5.0
              NOR2    42      1.0       42.0
             NOR2A    85      1.0       85.0
             NOR2B    69      1.0       69.0
              NOR3     4      1.0        4.0
             NOR3A    14      1.0       14.0
             NOR3B    15      1.0       15.0
             NOR3C    50      1.0       50.0
               OA1     2      1.0        2.0
              OA1A    10      1.0       10.0
              OA1B     1      1.0        1.0
              OA1C     2      1.0        2.0
              OAI1     1      1.0        1.0
               OR2    43      1.0       43.0
              OR2A    23      1.0       23.0
              OR2B     9      1.0        9.0
               OR3    28      1.0       28.0
              OR3A     2      1.0        2.0
              OR3B     6      1.0        6.0
              OR3C     4      1.0        4.0
               PLL     1      0.0        0.0
            PLLINT     1      0.0        0.0
               VCC    13      0.0        0.0
               XA1     6      1.0        6.0
              XA1B    11      1.0       11.0
             XAI1A     6      1.0        6.0
             XNOR2    19      1.0       19.0
               XO1    27      1.0       27.0
              XOR2   115      1.0      115.0


            DFN0C0     5      1.0        5.0
          DFN0E0C0    35      1.0       35.0
          DFN0E0P0     4      1.0        4.0
          DFN0E1C0    18      1.0       18.0
            DFN1C0   219      1.0      219.0
          DFN1E0C0    37      1.0       37.0
          DFN1E1C0   300      1.0      300.0
          DFN1E1P0     2      1.0        2.0
            DFN1P0     7      1.0        7.0
                   -----          ----------
             TOTAL  1770              1737.0


  IO Cell usage:
              cell count
             BIBUF    32
             INBUF     2
            OUTBUF    33
                   -----
             TOTAL    67


Core Cells         : 1737 of 24576 (7%)
IO Cells           : 67

  RAM/ROM Usage Summary
Block Rams : 0 of 32 (0%)

